// Jest Snapshot v1, https://goo.gl/fbAQLP

exports[`nav bar works as expected matches snapshot 1`] = `
<DocumentFragment>
  <nav
    class="navbar navbar-expand-lg navbar-dark bg-dark"
  >
    <a
      class="navbar-brand"
      href="/"
    >
      Drug Interaction Hub
    </a>
    <button
      aria-controls="basic-navbar-nav"
      aria-label="Toggle navigation"
      class="navbar-toggler collapsed"
      type="button"
    >
      <span
        class="navbar-toggler-icon"
      />
    </button>
    <div
      class="navbar-collapse collapse"
      id="basic-navbar-nav"
    >
      <div
        class="mr-auto navbar-nav"
      >
        <a
          class="nav-link"
          data-rb-event-key="/interactions"
          href="/interactions"
        >
          Search Drug Interactions
        </a>
        <div
          class="navbar-nav"
        >
          <a
            class="nav-link"
            data-rb-event-key="/users/testuser"
            href="/users/testuser"
          >
            My Saved Drugs
          </a>
          <button
            class="btn btn-outline-danger"
            type="button"
          >
            Log Out
          </button>
        </div>
      </div>
    </div>
  </nav>
</DocumentFragment>
`;
